// Jest Snapshot v1, https://goo.gl/fbAQLP

exports[`Footer component renders correctly 1`] = `
<footer
  className="footer"
>
  <a
    href="http://creativecommons.org/licenses/by-nc-nd/4.0/"
    rel="license"
  >
    <img
      alt="Creative Commons License"
      height="31"
      src="https://i.creativecommons.org/l/by-nc-nd/4.0/88x31.png"
      style={
        Object {
          "borderWidth": 0,
        }
      }
      width="88"
    />
  </a>
  <section
    className="copyright"
  >
    <a
      className="copyright__logo"
      href="https://htmlacademy.ru"
    >
      <img
        alt="HTML Academy"
        height="49"
        src="img/logo-htmla.svg"
        width="144"
      />
    </a>
    <p
      className="copyright__text"
    >
      Сделано в
       
      <a
        className="copyright__link"
        href="https://htmlacademy.ru"
      >
        HTML Academy
      </a>
    </p>
  </section>
</footer>
`;
